Started GET "/" for ::1 at 2026-09-18 17:06:16 -0600
  [1m[35m (2.1ms)[0m  [1m[35mCREATE TABLE "schema_migrations" ("version" varchar NOT NULL PRIMARY KEY) /*application='CanvasAssignmentTracker'*/[0m
  [1m[35m (0.5ms)[0m  [1m[35mCREATE TABLE "ar_internal_metadata" ("key" varchar NOT NULL PRIMARY KEY, "value" varchar, "created_at" datetime(6) NOT NULL, "updated_at" datetime(6) NOT NULL) /*application='CanvasAssignmentTracker'*/[0m
  [1m[36mActiveRecord::SchemaMigration Load (0.3ms)[0m  [1m[34mSELECT "schema_migrations"."version" FROM "schema_migrations" ORDER BY "schema_migrations"."version" ASC /*application='CanvasAssignmentTracker'*/[0m
Processing by Rails::WelcomeController#index as HTML
  Rendering C:/Ruby40-x64/lib/ruby/gems/4.0.0/gems/railties-8.1.3.1/lib/rails/templates/rails/welcome/index.html.erb
  Rendered C:/Ruby40-x64/lib/ruby/gems/4.0.0/gems/railties-8.1.3.1/lib/rails/templates/rails/welcome/index.html.erb (Duration: 0.7ms | GC: 0.0ms)
Completed 200 OK in 361ms (Views: 56.7ms | ActiveRecord: 0.0ms (0 queries, 0 cached) | GC: 0.0ms)


[dotenv] Set [36mCANVAS_API_TOKEN[0m
[dotenv] Loaded [33m.env[0m
[dotenv] Set [36mCANVAS_API_TOKEN[0m
[dotenv] Loaded [33m.env[0m
[dotenv] Set [36mCANVAS_API_TOKEN[0m
[dotenv] Loaded [33m.env[0m
[dotenv] Set [36mCANVAS_API_TOKEN[0m
[dotenv] Loaded [33m.env[0m
Started GET "/" for ::1 at 2026-09-18 18:27:13 -0600
  [1m[36mActiveRecord::SchemaMigration Load (0.3ms)[0m  [1m[34mSELECT "schema_migrations"."version" FROM "schema_migrations" ORDER BY "schema_migrations"."version" ASC /*application='CanvasAssignmentTracker'*/[0m
Processing by CoursesController#index as HTML
  Rendering layout layouts/application.html.erb
  Rendering courses/index.html.erb within layouts/application
  Rendered courses/index.html.erb within layouts/application (Duration: 0.7ms | GC: 0.0ms)
  Rendered layout layouts/application.html.erb (Duration: 189.8ms | GC: 0.0ms)
Completed 200 OK in 1365ms (Views: 202.1ms | ActiveRecord: 0.0ms (0 queries, 0 cached) | GC: 0.0ms)


[dotenv] Set [36mCANVAS_API_TOKEN[0m
[dotenv] Loaded [33m.env[0m
[dotenv] Set [36mCANVAS_API_TOKEN[0m
[dotenv] Loaded [33m.env[0m
[dotenv] Set [36mCANVAS_API_TOKEN[0m
[dotenv] Loaded [33m.env[0m
[dotenv] Set [36mCANVAS_API_TOKEN[0m
[dotenv] Loaded [33m.env[0m
Started GET "/" for ::1 at 2026-09-18 18:53:41 -0600
  [1m[36mActiveRecord::SchemaMigration Load (0.5ms)[0m  [1m[34mSELECT "schema_migrations"."version" FROM "schema_migrations" ORDER BY "schema_migrations"."version" ASC /*application='CanvasAssignmentTracker'*/[0m
Processing by CoursesController#index as HTML
  Rendering layout layouts/application.html.erb
  Rendering courses/index.html.erb within layouts/application
  Rendered courses/index.html.erb within layouts/application (Duration: 1.4ms | GC: 0.0ms)
  Rendered layout layouts/application.html.erb (Duration: 81.1ms | GC: 0.0ms)
Completed 500 Internal Server Error in 2378ms (ActiveRecord: 0.0ms (0 queries, 0 cached) | GC: 0.0ms)


  
ActionView::Template::Error (wrong number of arguments (given 2, expected 1))
Caused by: ArgumentError (wrong number of arguments (given 2, expected 1))

Information for: ActionView::Template::Error (wrong number of arguments (given 2, expected 1)):
     7:     <meta name="application-name" content="Canvas Assignment Tracker">
     8:     <meta name="mobile-web-app-capable" content="yes">
     9:     <%= csrf_meta_tags %>
    10:     <%= csp_meta_tag %>
    11: 
    12:     <%= yield :head %>
    13: 
  
app/views/layouts/application.html.erb:10

Information for cause: ArgumentError (wrong number of arguments (given 2, expected 1)):
  
app/views/layouts/application.html.erb:10
Started GET "/favicon.ico" for ::1 at 2026-09-18 18:53:45 -0600
  
ActionController::RoutingError (No route matches [GET] "/favicon.ico"):
  
[dotenv] Set [36mCANVAS_API_TOKEN[0m
[dotenv] Loaded [33m.env[0m
Started GET "/" for ::1 at 2026-09-18 18:59:47 -0600
  [1m[36mActiveRecord::SchemaMigration Load (0.6ms)[0m  [1m[34mSELECT "schema_migrations"."version" FROM "schema_migrations" ORDER BY "schema_migrations"."version" ASC /*application='CanvasAssignmentTracker'*/[0m
Processing by CoursesController#index as HTML
  Rendering layout layouts/application.html.erb
  Rendering courses/index.html.erb within layouts/application
  Rendered courses/index.html.erb within layouts/application (Duration: 118.6ms | GC: 0.0ms)
  Rendered layout layouts/application.html.erb (Duration: 128.9ms | GC: 0.0ms)
Completed 500 Internal Server Error in 2747ms (ActiveRecord: 0.0ms (0 queries, 0 cached) | GC: 0.0ms)


  
ActionView::Template::Error (wrong number of arguments (given 2, expected 1))
Caused by: ArgumentError (wrong number of arguments (given 2, expected 1))

Information for: ActionView::Template::Error (wrong number of arguments (given 2, expected 1)):
     7:     <meta name="application-name" content="Canvas Assignment Tracker">
     8:     <meta name="mobile-web-app-capable" content="yes">
     9:     <%= csrf_meta_tags %>
    10:     <%= csp_meta_tag %>
    11: 
    12:     <%= yield :head %>
    13: 
  
app/views/layouts/application.html.erb:10

Information for cause: ArgumentError (wrong number of arguments (given 2, expected 1)):
  
app/views/layouts/application.html.erb:10
[dotenv] Set [36mCANVAS_API_TOKEN[0m
[dotenv] Loaded [33m.env[0m
Started GET "/" for ::1 at 2026-09-18 19:03:45 -0600
  [1m[36mActiveRecord::SchemaMigration Load (0.6ms)[0m  [1m[34mSELECT "schema_migrations"."version" FROM "schema_migrations" ORDER BY "schema_migrations"."version" ASC /*application='CanvasAssignmentTracker'*/[0m
Processing by CoursesController#index as HTML
  Rendering layout layouts/application.html.erb
  Rendering courses/index.html.erb within layouts/application
  Rendered courses/index.html.erb within layouts/application (Duration: 22.0ms | GC: 0.0ms)
  Rendered layout layouts/application.html.erb (Duration: 44.9ms | GC: 0.0ms)
Completed 500 Internal Server Error in 2365ms (ActiveRecord: 0.0ms (0 queries, 0 cached) | GC: 0.0ms)


  
ActionView::Template::Error (wrong number of arguments (given 2, expected 1))
Caused by: ArgumentError (wrong number of arguments (given 2, expected 1))

Information for: ActionView::Template::Error (wrong number of arguments (given 2, expected 1)):
     7:     <meta name="application-name" content="Canvas Assignment Tracker">
     8:     <meta name="mobile-web-app-capable" content="yes">
     9:     <%= csrf_meta_tags %>
    10: 
    11:     <%= yield :head %>
    12: 
    13:     <%# Enable PWA manifest for installable apps (make sure to enable in config/routes.rb too!) %>
  
app/views/layouts/application.html.erb:10

Information for cause: ArgumentError (wrong number of arguments (given 2, expected 1)):
  
app/views/layouts/application.html.erb:10
Started GET "/" for ::1 at 2026-09-18 19:06:23 -0600
Processing by CoursesController#index as HTML
  Rendering layout layouts/application.html.erb
  Rendering courses/index.html.erb within layouts/application
  Rendered courses/index.html.erb within layouts/application (Duration: 4.4ms | GC: 0.0ms)
  Rendered layout layouts/application.html.erb (Duration: 10.9ms | GC: 0.0ms)
Completed 200 OK in 2149ms (Views: 34.3ms | ActiveRecord: 0.0ms (0 queries, 0 cached) | GC: 0.0ms)


Started GET "/assignments?course_id=49503&commit=View+Assignments" for ::1 at 2026-09-18 19:07:08 -0600
Processing by AssignmentsController#index as HTML
  Parameters: {"course_id" => "49503", "commit" => "View Assignments"}
  Rendering layout layouts/application.html.erb
  Rendering assignments/index.html.erb within layouts/application
  Rendered assignments/index.html.erb within layouts/application (Duration: 1.1ms | GC: 0.0ms)
  Rendered layout layouts/application.html.erb (Duration: 2.3ms | GC: 0.0ms)
Completed 200 OK in 51ms (Views: 15.9ms | ActiveRecord: 0.0ms (0 queries, 0 cached) | GC: 0.0ms)


Started GET "/assignments?course_id=49503&commit=View+Assignments" for ::1 at 2026-09-18 19:11:37 -0600
Processing by AssignmentsController#index as HTML
  Parameters: {"course_id" => "49503", "commit" => "View Assignments"}
  Rendering layout layouts/application.html.erb
  Rendering assignments/index.html.erb within layouts/application
  Rendered assignments/index.html.erb within layouts/application (Duration: 1.1ms | GC: 0.0ms)
  Rendered layout layouts/application.html.erb (Duration: 4.1ms | GC: 0.0ms)
Completed 200 OK in 954ms (Views: 20.7ms | ActiveRecord: 0.0ms (0 queries, 0 cached) | GC: 0.0ms)


Started GET "/" for ::1 at 2026-09-18 19:11:43 -0600
Processing by CoursesController#index as HTML
  Rendering layout layouts/application.html.erb
  Rendering courses/index.html.erb within layouts/application
  Rendered courses/index.html.erb within layouts/application (Duration: 4.4ms | GC: 0.0ms)
  Rendered layout layouts/application.html.erb (Duration: 6.4ms | GC: 0.0ms)
Completed 500 Internal Server Error in 1996ms (ActiveRecord: 0.0ms (0 queries, 0 cached) | GC: 0.0ms)


  
ActionView::Template::Error (undefined method 'empty?' for nil)
Caused by: NoMethodError (undefined method 'empty?' for nil)

Information for: ActionView::Template::Error (undefined method 'empty?' for nil):
     5: </p>
     6: 
     7: <% if @assignments.empty? %>
     8: 
     9:   <p>No assignments found for this course.</p>
    10: 
    11: <% else %>
  
app/views/courses/index.html.erb:8

Information for cause: NoMethodError (undefined method 'empty?' for nil):
  
app/views/courses/index.html.erb:8
Started GET "/" for ::1 at 2026-09-18 19:19:31 -0600
Processing by CoursesController#index as HTML
  Rendering layout layouts/application.html.erb
  Rendering courses/index.html.erb within layouts/application
  Rendered courses/index.html.erb within layouts/application (Duration: 3.2ms | GC: 0.0ms)
  Rendered layout layouts/application.html.erb (Duration: 7.6ms | GC: 0.0ms)
Completed 200 OK in 2067ms (Views: 27.4ms | ActiveRecord: 0.0ms (0 queries, 0 cached) | GC: 0.0ms)


Started GET "/assignments?course_id=48195&commit=View+Assignments" for ::1 at 2026-09-18 19:19:41 -0600
Processing by AssignmentsController#index as HTML
  Parameters: {"course_id" => "48195", "commit" => "View Assignments"}
  Rendering layout layouts/application.html.erb
  Rendering assignments/index.html.erb within layouts/application
  Rendered assignments/index.html.erb within layouts/application (Duration: 29.1ms | GC: 0.0ms)
  Rendered layout layouts/application.html.erb (Duration: 32.9ms | GC: 0.0ms)
Completed 200 OK in 3784ms (Views: 42.4ms | ActiveRecord: 0.0ms (0 queries, 0 cached) | GC: 0.0ms)


Started GET "/" for ::1 at 2026-09-18 19:19:50 -0600
Processing by CoursesController#index as HTML
  Rendering layout layouts/application.html.erb
  Rendering courses/index.html.erb within layouts/application
  Rendered courses/index.html.erb within layouts/application (Duration: 2.8ms | GC: 0.0ms)
  Rendered layout layouts/application.html.erb (Duration: 10.2ms | GC: 0.0ms)
Completed 200 OK in 2146ms (Views: 18.3ms | ActiveRecord: 0.0ms (0 queries, 0 cached) | GC: 0.0ms)


Started GET "/assignments?course_id=51555&commit=View+Assignments" for ::1 at 2026-09-18 19:20:25 -0600
Processing by AssignmentsController#index as HTML
  Parameters: {"course_id" => "51555", "commit" => "View Assignments"}
  Rendering layout layouts/application.html.erb
  Rendering assignments/index.html.erb within layouts/application
  Rendered assignments/index.html.erb within layouts/application (Duration: 0.9ms | GC: 0.0ms)
  Rendered layout layouts/application.html.erb (Duration: 2.3ms | GC: 0.0ms)
Completed 200 OK in 717ms (Views: 4.2ms | ActiveRecord: 0.0ms (0 queries, 0 cached) | GC: 0.0ms)


Started GET "/" for ::1 at 2026-09-18 19:20:37 -0600
Processing by CoursesController#index as HTML
  Rendering layout layouts/application.html.erb
  Rendering courses/index.html.erb within layouts/application
  Rendered courses/index.html.erb within layouts/application (Duration: 2.2ms | GC: 0.0ms)
  Rendered layout layouts/application.html.erb (Duration: 3.8ms | GC: 0.0ms)
Completed 200 OK in 2102ms (Views: 6.1ms | ActiveRecord: 0.0ms (0 queries, 0 cached) | GC: 0.0ms)


Started GET "/assignments?course_id=51558&commit=View+Assignments" for ::1 at 2026-09-18 19:21:32 -0600
Processing by AssignmentsController#index as HTML
  Parameters: {"course_id" => "51558", "commit" => "View Assignments"}
  Rendering layout layouts/application.html.erb
  Rendering assignments/index.html.erb within layouts/application
  Rendered assignments/index.html.erb within layouts/application (Duration: 0.5ms | GC: 0.0ms)
  Rendered layout layouts/application.html.erb (Duration: 1.7ms | GC: 0.0ms)
Completed 200 OK in 714ms (Views: 3.6ms | ActiveRecord: 0.0ms (0 queries, 0 cached) | GC: 0.0ms)


Started GET "/" for ::1 at 2026-09-18 19:21:35 -0600
Processing by CoursesController#index as HTML
  Rendering layout layouts/application.html.erb
  Rendering courses/index.html.erb within layouts/application
  Rendered courses/index.html.erb within layouts/application (Duration: 2.7ms | GC: 0.0ms)
  Rendered layout layouts/application.html.erb (Duration: 4.3ms | GC: 0.0ms)
Completed 200 OK in 2171ms (Views: 6.5ms | ActiveRecord: 0.0ms (0 queries, 0 cached) | GC: 0.0ms)


Started GET "/assignments?course_id=48195&commit=View+Assignments" for ::1 at 2026-09-18 19:21:46 -0600
Processing by AssignmentsController#index as HTML
  Parameters: {"course_id" => "48195", "commit" => "View Assignments"}
  Rendering layout layouts/application.html.erb
  Rendering assignments/index.html.erb within layouts/application
  Rendered assignments/index.html.erb within layouts/application (Duration: 2.8ms | GC: 0.0ms)
  Rendered layout layouts/application.html.erb (Duration: 4.2ms | GC: 0.0ms)
Completed 200 OK in 3364ms (Views: 8.1ms | ActiveRecord: 0.0ms (0 queries, 0 cached) | GC: 0.0ms)


Started GET "/" for ::1 at 2026-09-18 19:21:53 -0600
Processing by CoursesController#index as HTML
  Rendering layout layouts/application.html.erb
  Rendering courses/index.html.erb within layouts/application
  Rendered courses/index.html.erb within layouts/application (Duration: 2.5ms | GC: 0.0ms)
  Rendered layout layouts/application.html.erb (Duration: 21.6ms | GC: 0.0ms)
Completed 200 OK in 2170ms (Views: 67.4ms | ActiveRecord: 0.0ms (0 queries, 0 cached) | GC: 0.0ms)


Started GET "/assignments?course_id=49503&commit=View+Assignments" for ::1 at 2026-09-18 19:22:13 -0600
Processing by AssignmentsController#index as HTML
  Parameters: {"course_id" => "49503", "commit" => "View Assignments"}
  Rendering layout layouts/application.html.erb
  Rendering assignments/index.html.erb within layouts/application
  Rendered assignments/index.html.erb within layouts/application (Duration: 1.4ms | GC: 0.0ms)
  Rendered layout layouts/application.html.erb (Duration: 3.0ms | GC: 0.0ms)
Completed 200 OK in 671ms (Views: 5.1ms | ActiveRecord: 0.0ms (0 queries, 0 cached) | GC: 0.0ms)


[dotenv] Set [36mCANVAS_API_TOKEN[0m
[dotenv] Loaded [33m.env[0m
Started GET "/" for ::1 at 2026-09-18 19:35:32 -0600
  [1m[36mActiveRecord::SchemaMigration Load (0.2ms)[0m  [1m[34mSELECT "schema_migrations"."version" FROM "schema_migrations" ORDER BY "schema_migrations"."version" ASC /*application='CanvasAssignmentTracker'*/[0m
Processing by CoursesController#index as HTML
  Rendering layout layouts/application.html.erb
  Rendering courses/index.html.erb within layouts/application
  Rendered courses/index.html.erb within layouts/application (Duration: 5.2ms | GC: 0.0ms)
  Rendered layout layouts/application.html.erb (Duration: 6.4ms | GC: 0.0ms)
Completed 200 OK in 1927ms (Views: 14.4ms | ActiveRecord: 0.0ms (0 queries, 0 cached) | GC: 0.0ms)


Started GET "/assignments?course_id=49707&commit=View+Assignments" for ::1 at 2026-09-18 19:35:39 -0600
Processing by AssignmentsController#index as HTML
  Parameters: {"course_id" => "49707", "commit" => "View Assignments"}
  Rendering layout layouts/application.html.erb
  Rendering assignments/index.html.erb within layouts/application
  Rendered assignments/index.html.erb within layouts/application (Duration: 1.1ms | GC: 0.0ms)
  Rendered layout layouts/application.html.erb (Duration: 1.4ms | GC: 0.0ms)
Completed 200 OK in 933ms (Views: 5.1ms | ActiveRecord: 0.0ms (0 queries, 0 cached) | GC: 0.0ms)


Started GET "/" for ::1 at 2026-09-18 19:36:54 -0600
Processing by CoursesController#index as HTML
  Rendering layout layouts/application.html.erb
  Rendering courses/index.html.erb within layouts/application
  Rendered courses/index.html.erb within layouts/application (Duration: 0.7ms | GC: 0.0ms)
  Rendered layout layouts/application.html.erb (Duration: 1.2ms | GC: 0.0ms)
Completed 200 OK in 1865ms (Views: 2.3ms | ActiveRecord: 0.0ms (0 queries, 0 cached) | GC: 0.0ms)


